>>> numbers = [0,1,2,3,4,5,6,7,8,9]
>>> numbers
[0, 1, 2, 3, 4, 5, 6, 7, 8, 9]
>>> len(numbers)
10
>>> numbers[1]
1
>>> numbers[len(numbers)]
Traceback (most recent call last):
  File "<pyshell#15>", line 1, in <module>
    numbers[len(numbers)]
IndexError: list index out of range
>>> numbers[len(numbers) - 1]
9
>>> 